
mkdir localknode
cd localknode/

git clone https://github.com/halobrain/knode.git

star@sunmoon:~/githalobrain/localknode/knode$ git branch
* master

git config --global user.email "contact@halobrain.com"
git config --global user.name "halobrain"

git status
  
On branch master
Your branch is up to date with 'origin/master'.

Untracked files:
  (use "git add <file>..." to include in what will be committed)

	githelp/gitterminal

nothing added to commit but untracked files present (use "git add" to track)


$ git add ./
$ git status

On branch master
Your branch is up to date with 'origin/master'.

Changes to be committed:
  (use "git reset HEAD <file>..." to unstage)

	new file:   githelp/gitterminal

$  git commit -m "arranging the files and folders"

[master e4c0a1f] arranging the files and folders
 1 file changed, 17 insertions(+)
 create mode 100644 githelp/gitterminal

$ git status 
On branch master
Your branch is ahead of 'origin/master' by 1 commit.
  (use "git push" to publish your local commits)

nothing to commit, working tree clean

$ git push origin
Username for 'https://github.com': contact@halobrain.com
Password for 'https://contact@halobrain.com@github.com': 
Counting objects: 4, done.
Delta compression using up to 4 threads.
Compressing objects: 100% (4/4), done.
Writing objects: 100% (4/4), 616 bytes | 308.00 KiB/s, done.
Total 4 (delta 0), reused 0 (delta 0)
To https://github.com/halobrain/knode.git
   fb5fbad..e4c0a1f  master -> master

$ git status 
On branch master
Your branch is up to date with 'origin/master'.

nothing to commit, working tree clean

$ git branch 
* master





